#------------------------------------------------------------------------------
# irace: An implementation in R of (Elitist) Iterated Racing
# Version: 3.5.6863679
# Copyright (C) 2010-2020
# Manuel Lopez-Ibanez     <manuel.lopez-ibanez@manchester.ac.uk>
# Jeremie Dubois-Lacoste  
# Leslie Perez Caceres    <leslie.perez.caceres@ulb.ac.be>
#
# This is free software, and you are welcome to redistribute it under certain
# conditions.  See the GNU General Public License for details. There is NO
# WARRANTY; not even for MERCHANTABILITY or FITNESS FOR A PARTICULAR PURPOSE.
#
# irace builds upon previous code from the race package:
#     race: Racing methods for the selection of the best
#     Copyright (C) 2003 Mauro Birattari
#------------------------------------------------------------------------------
# installed at: /home/shared/sisadapt7/R/x86_64-pc-linux-gnu-library/3.6/irace
# called with: --scenario scenario85.txt
batchmode 
sge,pbs,torque,slurm,htcondor 
# 2024-12-14 23:03:26 -03: Initialization
# Elitist race
# Elitist new instances: 1
# Elitist limit: 2
# nbIterations: 4
# minNbSurvival: 4
# nbParameters: 5
# seed: 1387293750
# confidence level: 0.95
# budget: 1000
# mu: 5
# deterministic: FALSE

# 2024-12-14 23:03:26 -03: Iteration 1 of 4
# experimentsUsedSoFar: 0
# remainingBudget: 1000
# currentBudget: 250
# nbConfigurations: 41
# Markers:
     x No test is performed.
     c Configurations are discarded only due to capping.
     - The test is performed and some configurations are discarded.
     = The test is performed but no configuration is discarded.
     ! The test is performed and configurations could be discarded but elite configurations are preserved.
     . All alive configurations are elite and nothing is discarded

+-+-----------+-----------+-----------+----------------+-----------+--------+-----+----+------+
| |   Instance|      Alive|       Best|       Mean best| Exp so far|  W time|  rho|KenW|  Qvar|
+-+-----------+-----------+-----------+----------------+-----------+--------+-----+----+------+
|x|          1|         41|          1|    -1.000000000|         41|00:49:15|   NA|  NA|    NA|
|x|          2|         41|          1|   -0.5000000000|         82|00:47:21|+0.00|0.50|0.4878|
|x|          3|         41|          1|    -1.666666667|        123|00:06:50|+0.06|0.37|0.5759|
|x|          4|         41|          1|    -1.250000000|        164|00:26:43|+0.12|0.34|0.6651|
|-|          5|         11|          1|    -1.200000000|        205|00:23:18|-0.11|0.11|0.8074|
|=|          6|         11|          1|    -1.000000000|        216|00:26:33|-0.07|0.11|0.8189|
|=|          7|         11|          1|   -0.8571428571|        227|00:26:33|-0.06|0.09|0.6932|
+-+-----------+-----------+-----------+----------------+-----------+--------+-----+----+------+
Best-so-far configuration:           1    mean value:    -0.8571428571
Description of the best-so-far configuration:
  .ID. epsilon populationsize mutationrate crossoverrate maxgenerations .PARENT.
1    1    0.93            300         0.26           0.6           5000       NA

# 2024-12-15 02:30:02 -03: Elite configurations (first number is the configuration ID; listed from best to worst according to the sum of ranks):
   epsilon populationsize mutationrate crossoverrate maxgenerations
1     0.93            300         0.26          0.60           5000
26    0.94            100         0.12          0.73            500
2     0.87           1000         0.95          0.59            500
7     0.93            500         0.13          0.46            500
# 2024-12-15 02:30:03 -03: Iteration 2 of 4
# experimentsUsedSoFar: 227
# remainingBudget: 773
# currentBudget: 257
# nbConfigurations: 35
# Markers:
     x No test is performed.
     c Configurations are discarded only due to capping.
     - The test is performed and some configurations are discarded.
     = The test is performed but no configuration is discarded.
     ! The test is performed and configurations could be discarded but elite configurations are preserved.
     . All alive configurations are elite and nothing is discarded

+-+-----------+-----------+-----------+----------------+-----------+--------+-----+----+------+
| |   Instance|      Alive|       Best|       Mean best| Exp so far|  W time|  rho|KenW|  Qvar|
+-+-----------+-----------+-----------+----------------+-----------+--------+-----+----+------+
|x|          8|         35|          1|     0.000000000|         35|00:46:50|   NA|  NA|    NA|
|x|          4|         35|         26|   -0.5000000000|         66|00:21:46|+0.00|0.50|0.4857|
|x|          5|         35|          2|   -0.6666666667|         97|00:19:21|+0.10|0.40|0.5841|
|x|          7|         35|          2|   -0.5000000000|        128|00:21:52|+0.09|0.32|0.6635|
|=|          1|         35|          1|   -0.4000000000|        159|00:38:55|+0.08|0.26|0.7174|
|=|          2|         35|          1|   -0.3333333333|        190|00:37:53|+0.06|0.22|0.6078|
|-|          3|         14|          1|   -0.8571428571|        221|00:05:35|-0.08|0.08|0.7156|
|=|          6|         14|          1|   -0.7500000000|        231|00:13:36|-0.07|0.06|0.7455|
|=|          9|         14|         26|    -1.444444444|        245|00:03:47|-0.01|0.10|0.7377|
+-+-----------+-----------+-----------+----------------+-----------+--------+-----+----+------+
Best-so-far configuration:          26    mean value:     -1.444444444
Description of the best-so-far configuration:
   .ID. epsilon populationsize mutationrate crossoverrate maxgenerations .PARENT.
26   26    0.94            100         0.12          0.73            500       NA

# 2024-12-15 05:59:41 -03: Elite configurations (first number is the configuration ID; listed from best to worst according to the sum of ranks):
   epsilon populationsize mutationrate crossoverrate maxgenerations
26    0.94            100         0.12          0.73            500
1     0.93            300         0.26          0.60           5000
65    0.90            500         0.60          0.63           2000
69    0.75             10         0.10          0.72            500
# 2024-12-15 05:59:41 -03: Iteration 3 of 4
# experimentsUsedSoFar: 472
# remainingBudget: 528
# currentBudget: 264
# nbConfigurations: 30
# Markers:
     x No test is performed.
     c Configurations are discarded only due to capping.
     - The test is performed and some configurations are discarded.
     = The test is performed but no configuration is discarded.
     ! The test is performed and configurations could be discarded but elite configurations are preserved.
     . All alive configurations are elite and nothing is discarded

+-+-----------+-----------+-----------+----------------+-----------+--------+-----+----+------+
| |   Instance|      Alive|       Best|       Mean best| Exp so far|  W time|  rho|KenW|  Qvar|
+-+-----------+-----------+-----------+----------------+-----------+--------+-----+----+------+
|x|         10|         30|         80|    -9.000000000|         30|00:03:59|   NA|  NA|    NA|
|x|          9|         30|         80|    -8.500000000|         56|00:03:54|+0.66|0.83|0.1865|
|x|          4|         30|         26|    -5.333333333|         82|00:27:16|+0.15|0.44|0.7229|
|x|          1|         30|         78|    -3.500000000|        108|00:48:14|+0.15|0.36|0.7856|
|-|          5|         14|         78|    -3.000000000|        134|00:24:16|-0.05|0.16|0.9816|
|=|          8|         14|         78|    -2.500000000|        144|00:48:27|-0.04|0.13|0.8092|
|=|          3|         14|          1|    -2.857142857|        154|00:07:20|-0.02|0.12|0.8221|
|=|          2|         14|          1|    -2.500000000|        164|00:48:35|-0.02|0.11|0.7160|
|=|          7|         14|          1|    -2.222222222|        174|00:27:38|-0.02|0.09|0.7446|
|=|          6|         14|         26|    -2.100000000|        184|00:28:24|-0.01|0.09|0.7553|
|=|         11|         14|         26|    -2.363636364|        198|00:06:52|-0.02|0.07|0.7742|
+-+-----------+-----------+-----------+----------------+-----------+--------+-----+----+------+
Best-so-far configuration:          26    mean value:     -2.363636364
Description of the best-so-far configuration:
   .ID. epsilon populationsize mutationrate crossoverrate maxgenerations .PARENT.
26   26    0.94            100         0.12          0.73            500       NA

# 2024-12-15 10:34:43 -03: Elite configurations (first number is the configuration ID; listed from best to worst according to the sum of ranks):
   epsilon populationsize mutationrate crossoverrate maxgenerations
26    0.94            100         0.12          0.73            500
78    0.92           1000         0.13          0.52           5000
1     0.93            300         0.26          0.60           5000
86    0.98            500         0.12          0.65          10000
# 2024-12-15 10:34:43 -03: Iteration 4 of 4
# experimentsUsedSoFar: 670
# remainingBudget: 330
# currentBudget: 330
# nbConfigurations: 31
# Markers:
     x No test is performed.
     c Configurations are discarded only due to capping.
     - The test is performed and some configurations are discarded.
     = The test is performed but no configuration is discarded.
     ! The test is performed and configurations could be discarded but elite configurations are preserved.
     . All alive configurations are elite and nothing is discarded

+-+-----------+-----------+-----------+----------------+-----------+--------+-----+----+------+
| |   Instance|      Alive|       Best|       Mean best| Exp so far|  W time|  rho|KenW|  Qvar|
+-+-----------+-----------+-----------+----------------+-----------+--------+-----+----+------+
|x|         12|         31|        107|    -9.000000000|         31|00:04:06|   NA|  NA|    NA|
|x|          9|         31|        122|    -8.000000000|         58|00:04:16|+0.67|0.83|0.4584|
|x|          4|         31|        115|    -5.333333333|         85|00:28:46|+0.19|0.46|0.8592|
|x|          7|         31|        115|    -4.000000000|        112|00:28:27|+0.13|0.35|0.8543|
|-|         11|         17|        107|    -4.800000000|        139|00:07:07|+0.02|0.21|0.9013|
|=|          6|         17|        122|    -3.666666667|        152|00:27:36|+0.00|0.17|0.9022|
|=|          2|         17|        122|    -3.142857143|        165|00:49:04|+0.00|0.14|0.7789|
|=|          1|         17|        122|    -2.750000000|        178|00:49:42|-0.03|0.10|0.8306|
|=|          3|         17|        122|    -2.888888889|        191|00:06:48|+0.01|0.12|0.8258|
|=|         10|         17|        122|    -3.600000000|        204|00:04:05|+0.06|0.15|0.7954|
|=|          8|         17|        122|    -3.272727273|        217|00:48:31|+0.05|0.14|0.7278|
|=|          5|         17|        122|    -3.083333333|        230|00:24:02|+0.03|0.11|0.7536|
|=|         13|         17|        122|    -2.846153846|        247|00:29:05|+0.02|0.10|0.7735|
+-+-----------+-----------+-----------+----------------+-----------+--------+-----+----+------+
Best-so-far configuration:         122    mean value:     -2.846153846
Description of the best-so-far configuration:
    .ID. epsilon populationsize mutationrate crossoverrate maxgenerations .PARENT.
122  122    0.93            100         0.03          0.69           1000       26

# 2024-12-15 15:46:25 -03: Elite configurations (first number is the configuration ID; listed from best to worst according to the sum of ranks):
    epsilon populationsize mutationrate crossoverrate maxgenerations
122    0.93            100         0.03          0.69           1000
26     0.94            100         0.12          0.73            500
107    0.88             50         0.03          0.78            500
115    0.94            100         0.04          0.76           1000
# 2024-12-15 15:46:25 -03: Iteration 5 of 5
# experimentsUsedSoFar: 917
# remainingBudget: 83
# currentBudget: 83
# nbConfigurations: 9
# Markers:
     x No test is performed.
     c Configurations are discarded only due to capping.
     - The test is performed and some configurations are discarded.
     = The test is performed but no configuration is discarded.
     ! The test is performed and configurations could be discarded but elite configurations are preserved.
     . All alive configurations are elite and nothing is discarded

+-+-----------+-----------+-----------+----------------+-----------+--------+-----+----+------+
| |   Instance|      Alive|       Best|       Mean best| Exp so far|  W time|  rho|KenW|  Qvar|
+-+-----------+-----------+-----------+----------------+-----------+--------+-----+----+------+
|x|         14|          9|        107|    -6.000000000|          9|00:01:39|   NA|  NA|    NA|
|x|          2|          9|        107|    -3.000000000|         14|00:06:00|+0.00|0.50|0.4444|
|x|         10|          9|        107|    -5.000000000|         19|00:01:21|+0.07|0.38|0.5608|
|x|          3|          9|        107|    -4.750000000|         24|00:01:41|+0.15|0.37|0.5615|
|=|          6|          9|        122|    -3.800000000|         29|00:03:32|+0.12|0.30|0.6323|
|=|          5|          9|        122|    -3.333333333|         34|00:03:26|+0.10|0.25|0.6719|
|-|         12|          6|        122|    -3.714285714|         39|00:01:19|-0.03|0.12|0.7492|
|=|          1|          6|        122|    -3.250000000|         41|00:05:57|-0.03|0.10|0.6512|
|=|          9|          6|        122|    -4.000000000|         43|00:01:21|-0.02|0.09|0.6659|
|=|         11|          6|        122|    -4.100000000|         45|00:01:38|-0.01|0.09|0.6715|
|=|         13|          6|        122|    -3.727272727|         47|00:03:24|-0.01|0.08|0.6100|
|=|          8|          6|        122|    -3.416666667|         49|00:05:57|-0.01|0.08|0.5589|
|=|          7|          6|        122|    -3.153846154|         51|00:03:22|+0.01|0.08|0.5666|
|=|          4|          6|        122|    -2.928571429|         53|00:03:24|-0.03|0.05|0.6062|
|=|         15|          6|        122|    -2.866666667|         59|00:02:17|-0.03|0.04|0.6285|
+-+-----------+-----------+-----------+----------------+-----------+--------+-----+----+------+
Best-so-far configuration:         122    mean value:     -2.866666667
Description of the best-so-far configuration:
    .ID. epsilon populationsize mutationrate crossoverrate maxgenerations .PARENT.
122  122    0.93            100         0.03          0.69           1000       26

# 2024-12-15 16:32:50 -03: Elite configurations (first number is the configuration ID; listed from best to worst according to the sum of ranks):
    epsilon populationsize mutationrate crossoverrate maxgenerations
122    0.93            100         0.03          0.69           1000
107    0.88             50         0.03          0.78            500
115    0.94            100         0.04          0.76           1000
126    0.94            100         0.06          0.82           1000
# 2024-12-15 16:32:50 -03: Iteration 6 of 6
# experimentsUsedSoFar: 976
# remainingBudget: 24
# currentBudget: 24
# nbConfigurations: 5
# Markers:
     x No test is performed.
     c Configurations are discarded only due to capping.
     - The test is performed and some configurations are discarded.
     = The test is performed but no configuration is discarded.
     ! The test is performed and configurations could be discarded but elite configurations are preserved.
     . All alive configurations are elite and nothing is discarded

+-+-----------+-----------+-----------+----------------+-----------+--------+-----+----+------+
| |   Instance|      Alive|       Best|       Mean best| Exp so far|  W time|  rho|KenW|  Qvar|
+-+-----------+-----------+-----------+----------------+-----------+--------+-----+----+------+
|x|         16|          5|        115|    -1.000000000|          5|00:03:30|   NA|  NA|    NA|
|x|         10|          5|        115|    -5.000000000|          6|00:01:16|+0.00|0.50|0.8000|
|x|          3|          5|        115|    -4.666666667|          7|00:01:35|+0.07|0.38|0.7333|
|x|          2|          5|        115|    -3.500000000|          8|00:04:46|+0.05|0.28|0.5667|
|=|         14|          5|        115|    -3.800000000|          9|00:01:39|+0.04|0.23|0.6004|
|=|          4|          5|        115|    -3.333333333|         10|00:03:10|+0.12|0.27|0.5664|
|=|          9|          5|        115|    -4.285714286|         11|00:01:16|+0.16|0.28|0.5663|
|=|          1|          5|        115|    -3.750000000|         12|00:04:44|+0.14|0.24|0.5105|
|=|         12|          5|        115|    -3.888888889|         13|00:01:16|+0.10|0.20|0.5494|
|=|         13|          5|        115|    -3.500000000|         14|00:03:22|+0.09|0.18|0.5018|
|=|         15|          5|        115|    -3.363636364|         15|00:02:03|+0.07|0.16|0.5404|
|=|          6|          5|        115|    -3.083333333|         16|00:03:06|+0.08|0.16|0.5573|
|=|          5|          5|        122|    -2.923076923|         17|00:02:55|+0.08|0.15|0.5772|
|=|         11|          5|        122|    -3.071428571|         18|00:01:35|+0.08|0.15|0.5923|
|=|          8|          5|        122|    -2.866666667|         19|00:04:46|+0.08|0.14|0.5552|
|=|          7|          5|        122|    -2.687500000|         20|00:03:14|+0.07|0.13|0.5673|
+-+-----------+-----------+-----------+----------------+-----------+--------+-----+----+------+
Best-so-far configuration:         122    mean value:     -2.687500000
Description of the best-so-far configuration:
    .ID. epsilon populationsize mutationrate crossoverrate maxgenerations .PARENT.
122  122    0.93            100         0.03          0.69           1000       26

# 2024-12-15 17:17:12 -03: Elite configurations (first number is the configuration ID; listed from best to worst according to the sum of ranks):
    epsilon populationsize mutationrate crossoverrate maxgenerations
122    0.93            100         0.03          0.69           1000
107    0.88             50         0.03          0.78            500
115    0.94            100         0.04          0.76           1000
126    0.94            100         0.06          0.82           1000
# 2024-12-15 17:17:12 -03: Stopped because there is not enough budget left to race more than the minimum (4)
# You may either increase the budget or set 'minNbSurvival' to a lower value
# Iteration: 7
# nbIterations: 7
# experimentsUsedSoFar: 996
# timeUsed: 0
# remainingBudget: 4
# currentBudget: 4
# number of elites: 4
# nbConfigurations: 4
# Total CPU user time: 215.779, CPU sys time: 265.924, Wall-clock time: 65625.21
# Best configurations (first number is the configuration ID; listed from best to worst according to the sum of ranks):
    epsilon populationsize mutationrate crossoverrate maxgenerations
122    0.93            100         0.03          0.69           1000
107    0.88             50         0.03          0.78            500
115    0.94            100         0.04          0.76           1000
126    0.94            100         0.06          0.82           1000
# Best configurations as commandlines (first number is the configuration ID; same order as above):
122  -e 0.93 -p 100 -m 0.03 -c 0.69 -g 1000
107  -e 0.88 -p 50 -m 0.03 -c 0.78 -g 500
115  -e 0.94 -p 100 -m 0.04 -c 0.76 -g 1000
126  -e 0.94 -p 100 -m 0.06 -c 0.82 -g 1000


# Testing of elite configurations: 1 
# Testing iteration configurations: FALSE 
# 2024-12-15 17:17:12 -03: No test instances, skip testing
