#------------------------------------------------------------------------------
# irace: An implementation in R of (Elitist) Iterated Racing
# Version: 3.5.6863679
# Copyright (C) 2010-2020
# Manuel Lopez-Ibanez     <manuel.lopez-ibanez@manchester.ac.uk>
# Jeremie Dubois-Lacoste  
# Leslie Perez Caceres    <leslie.perez.caceres@ulb.ac.be>
#
# This is free software, and you are welcome to redistribute it under certain
# conditions.  See the GNU General Public License for details. There is NO
# WARRANTY; not even for MERCHANTABILITY or FITNESS FOR A PARTICULAR PURPOSE.
#
# irace builds upon previous code from the race package:
#     race: Racing methods for the selection of the best
#     Copyright (C) 2003 Mauro Birattari
#------------------------------------------------------------------------------
# installed at: /home/shared/sisadapt7/R/x86_64-pc-linux-gnu-library/3.6/irace
# called with: --scenario scenario80.txt
batchmode 
sge,pbs,torque,slurm,htcondor 
# 2024-12-14 23:03:26 -03: Initialization
# Elitist race
# Elitist new instances: 1
# Elitist limit: 2
# nbIterations: 4
# minNbSurvival: 4
# nbParameters: 5
# seed: 1005089297
# confidence level: 0.95
# budget: 1000
# mu: 5
# deterministic: FALSE

# 2024-12-14 23:03:26 -03: Iteration 1 of 4
# experimentsUsedSoFar: 0
# remainingBudget: 1000
# currentBudget: 250
# nbConfigurations: 41
# Markers:
     x No test is performed.
     c Configurations are discarded only due to capping.
     - The test is performed and some configurations are discarded.
     = The test is performed but no configuration is discarded.
     ! The test is performed and configurations could be discarded but elite configurations are preserved.
     . All alive configurations are elite and nothing is discarded

+-+-----------+-----------+-----------+----------------+-----------+--------+-----+----+------+
| |   Instance|      Alive|       Best|       Mean best| Exp so far|  W time|  rho|KenW|  Qvar|
+-+-----------+-----------+-----------+----------------+-----------+--------+-----+----+------+
|x|          1|         41|         16|    -64.00000000|         41|00:07:12|   NA|  NA|    NA|
|x|          2|         41|         16|    -60.50000000|         82|00:10:32|+0.99|0.99|0.0059|
|x|          3|         41|         16|    -57.00000000|        123|00:11:34|+0.98|0.99|0.0065|
|x|          4|         41|         16|    -57.50000000|        164|00:02:22|+0.97|0.98|0.0253|
|-|          5|          4|         16|    -57.20000000|        205|00:06:24|+0.29|0.43|0.5213|
+-+-----------+-----------+-----------+----------------+-----------+--------+-----+----+------+
Best-so-far configuration:          16    mean value:     -57.20000000
Description of the best-so-far configuration:
   .ID. epsilon populationsize mutationrate crossoverrate maxgenerations .PARENT.
16   16    0.96            200         0.88          0.19            500       NA

# 2024-12-14 23:41:32 -03: Elite configurations (first number is the configuration ID; listed from best to worst according to the sum of ranks):
   epsilon populationsize mutationrate crossoverrate maxgenerations
16    0.96            200         0.88          0.19            500
21    0.98             20         0.40          0.70             50
35    0.93            100         0.89          0.91            200
6     0.94             50         0.49          0.98             50
# 2024-12-14 23:41:32 -03: Iteration 2 of 4
# experimentsUsedSoFar: 205
# remainingBudget: 795
# currentBudget: 265
# nbConfigurations: 40
# Markers:
     x No test is performed.
     c Configurations are discarded only due to capping.
     - The test is performed and some configurations are discarded.
     = The test is performed but no configuration is discarded.
     ! The test is performed and configurations could be discarded but elite configurations are preserved.
     . All alive configurations are elite and nothing is discarded

+-+-----------+-----------+-----------+----------------+-----------+--------+-----+----+------+
| |   Instance|      Alive|       Best|       Mean best| Exp so far|  W time|  rho|KenW|  Qvar|
+-+-----------+-----------+-----------+----------------+-----------+--------+-----+----+------+
|x|          6|         40|         21|    -51.00000000|         40|00:22:08|   NA|  NA|    NA|
|x|          1|         40|         52|    -57.50000000|         76|00:12:55|+0.96|0.98|0.0246|
|x|          4|         40|         52|    -58.33333333|        112|00:03:58|+0.86|0.90|0.0481|
|x|          5|         40|         52|    -57.00000000|        148|00:12:48|+0.88|0.91|0.0403|
|-|          2|          8|         52|    -56.40000000|        184|00:21:28|+0.15|0.32|0.7124|
|-|          3|          6|         56|    -56.50000000|        188|00:24:32|-0.02|0.15|0.8712|
|=|          7|          6|         56|    -57.42857143|        194|00:03:58|-0.04|0.11|0.8709|
|=|          8|          6|         56|    -59.25000000|        200|00:03:58|-0.00|0.12|0.8248|
+-+-----------+-----------+-----------+----------------+-----------+--------+-----+----+------+
Best-so-far configuration:          56    mean value:     -59.25000000
Description of the best-so-far configuration:
   .ID. epsilon populationsize mutationrate crossoverrate maxgenerations .PARENT.
56   56    0.98            100          0.8          0.05           2000       16

# 2024-12-15 01:27:22 -03: Elite configurations (first number is the configuration ID; listed from best to worst according to the sum of ranks):
   epsilon populationsize mutationrate crossoverrate maxgenerations
56    0.98            100         0.80          0.05           2000
60    0.99             20         0.93          0.58            500
16    0.96            200         0.88          0.19            500
50    0.96           1000         0.53          0.66            100
# 2024-12-15 01:27:22 -03: Iteration 3 of 4
# experimentsUsedSoFar: 405
# remainingBudget: 595
# currentBudget: 297
# nbConfigurations: 36
# Markers:
     x No test is performed.
     c Configurations are discarded only due to capping.
     - The test is performed and some configurations are discarded.
     = The test is performed but no configuration is discarded.
     ! The test is performed and configurations could be discarded but elite configurations are preserved.
     . All alive configurations are elite and nothing is discarded

+-+-----------+-----------+-----------+----------------+-----------+--------+-----+----+------+
| |   Instance|      Alive|       Best|       Mean best| Exp so far|  W time|  rho|KenW|  Qvar|
+-+-----------+-----------+-----------+----------------+-----------+--------+-----+----+------+
|x|          9|         36|         56|    -60.00000000|         36|00:20:59|   NA|  NA|    NA|
|x|          4|         36|         50|    -60.00000000|         68|00:03:26|+0.75|0.87|0.1586|
|x|          5|         36|         88|    -58.33333333|        100|00:10:40|+0.79|0.86|0.1341|
|x|          2|         36|         81|    -58.25000000|        132|00:18:22|+0.83|0.88|0.1083|
|-|          8|          8|         81|    -61.00000000|        164|00:03:25|-0.04|0.17|0.8876|
|=|          3|          8|         81|    -60.50000000|        168|00:08:00|-0.01|0.16|0.8443|
|=|          6|          8|         81|    -59.14285714|        172|00:07:18|+0.09|0.22|0.7662|
|=|          7|          8|         81|    -59.62500000|        176|00:01:29|+0.09|0.20|0.7463|
|=|          1|          8|         81|    -60.11111111|        180|00:04:39|+0.05|0.16|0.7906|
|=|         10|          8|         81|    -59.90000000|        188|00:12:33|+0.04|0.14|0.8101|
+-+-----------+-----------+-----------+----------------+-----------+--------+-----+----+------+
Best-so-far configuration:          81    mean value:     -59.90000000
Description of the best-so-far configuration:
   .ID. epsilon populationsize mutationrate crossoverrate maxgenerations .PARENT.
81   81    0.99            100         0.88          0.03           1000       16

# 2024-12-15 02:58:18 -03: Elite configurations (first number is the configuration ID; listed from best to worst according to the sum of ranks):
   epsilon populationsize mutationrate crossoverrate maxgenerations
81    0.99            100         0.88          0.03           1000
56    0.98            100         0.80          0.05           2000
60    0.99             20         0.93          0.58            500
88    0.97            300         0.41          0.35            200
# 2024-12-15 02:58:18 -03: Iteration 4 of 4
# experimentsUsedSoFar: 593
# remainingBudget: 407
# currentBudget: 407
# nbConfigurations: 40
# Markers:
     x No test is performed.
     c Configurations are discarded only due to capping.
     - The test is performed and some configurations are discarded.
     = The test is performed but no configuration is discarded.
     ! The test is performed and configurations could be discarded but elite configurations are preserved.
     . All alive configurations are elite and nothing is discarded

+-+-----------+-----------+-----------+----------------+-----------+--------+-----+----+------+
| |   Instance|      Alive|       Best|       Mean best| Exp so far|  W time|  rho|KenW|  Qvar|
+-+-----------+-----------+-----------+----------------+-----------+--------+-----+----+------+
|x|         11|         40|         88|    -63.00000000|         40|00:04:33|   NA|  NA|    NA|
|x|          8|         40|         88|    -68.00000000|         76|00:01:39|+0.65|0.83|0.1457|
|x|          4|         40|         88|    -65.66666667|        112|00:01:41|+0.61|0.74|0.3122|
|x|         10|         40|        131|    -63.75000000|        148|00:04:28|+0.63|0.72|0.2810|
|-|          5|         12|        131|    -62.20000000|        184|00:04:35|+0.03|0.22|0.9424|
|=|          6|         12|        140|    -60.50000000|        192|00:05:11|+0.03|0.19|0.9117|
|=|          2|         12|        140|    -60.14285714|        200|00:05:15|+0.03|0.17|0.9002|
|=|          1|         12|        140|    -60.62500000|        208|00:03:22|+0.07|0.19|0.8715|
|=|          3|         12|        140|    -59.55555556|        216|00:05:48|+0.08|0.18|0.8667|
|=|          7|         12|        131|    -59.90000000|        224|00:01:39|+0.05|0.14|0.8958|
|=|          9|         12|        131|    -59.81818182|        232|00:05:11|+0.07|0.15|0.8688|
|-|         12|          8|        122|    -59.66666667|        244|00:07:14|-0.02|0.07|0.8865|
|=|         13|          8|        122|    -60.69230769|        252|00:02:54|-0.02|0.06|0.8849|
|=|         14|          8|        122|    -61.78571429|        260|00:02:48|+0.02|0.09|0.8556|
+-+-----------+-----------+-----------+----------------+-----------+--------+-----+----+------+
Best-so-far configuration:         122    mean value:     -61.78571429
Description of the best-so-far configuration:
    .ID. epsilon populationsize mutationrate crossoverrate maxgenerations .PARENT.
122  122    0.99            100         0.82          0.13           5000       56

# 2024-12-15 03:54:44 -03: Elite configurations (first number is the configuration ID; listed from best to worst according to the sum of ranks):
    epsilon populationsize mutationrate crossoverrate maxgenerations
122    0.99            100         0.82          0.13           5000
131    0.98            200         0.94          0.01           2000
140    0.99            100         0.92          0.10           1000
142    0.99            100         0.85          0.02           1000
# 2024-12-15 03:54:44 -03: Iteration 5 of 5
# experimentsUsedSoFar: 853
# remainingBudget: 147
# currentBudget: 147
# nbConfigurations: 13
# Markers:
     x No test is performed.
     c Configurations are discarded only due to capping.
     - The test is performed and some configurations are discarded.
     = The test is performed but no configuration is discarded.
     ! The test is performed and configurations could be discarded but elite configurations are preserved.
     . All alive configurations are elite and nothing is discarded

+-+-----------+-----------+-----------+----------------+-----------+--------+-----+----+------+
| |   Instance|      Alive|       Best|       Mean best| Exp so far|  W time|  rho|KenW|  Qvar|
+-+-----------+-----------+-----------+----------------+-----------+--------+-----+----+------+
|x|         15|         13|        142|    -54.00000000|         13|00:08:03|   NA|  NA|    NA|
|x|         13|         13|        142|    -65.50000000|         22|00:02:48|+0.10|0.55|0.7935|
|x|          2|         13|        142|    -62.33333333|         31|00:07:21|+0.34|0.56|0.5460|
|x|          7|         13|        142|    -62.75000000|         40|00:01:56|+0.19|0.39|0.6275|
|-|          4|         10|        147|    -62.60000000|         49|00:01:55|-0.05|0.16|0.9425|
|=|         14|         10|        142|    -64.16666667|         55|00:02:50|-0.06|0.12|0.9323|
|=|          5|         10|        147|    -63.42857143|         61|00:04:29|+0.00|0.14|0.8630|
|=|          6|         10|        147|    -61.87500000|         67|00:07:04|+0.04|0.16|0.8299|
|=|          3|         10|        147|    -61.00000000|         73|00:08:11|+0.07|0.18|0.7894|
|=|         10|         10|        147|    -60.60000000|         79|00:04:25|+0.07|0.16|0.8041|
|=|          8|         10|        147|    -61.63636364|         85|00:01:57|+0.08|0.16|0.7937|
|-|          1|          8|        152|    -61.75000000|         91|00:04:31|-0.03|0.06|0.8756|
|=|         12|          8|        152|    -61.30769231|         95|00:05:11|-0.00|0.07|0.8618|
|=|         11|          8|        140|    -61.00000000|         99|00:03:22|-0.02|0.06|0.8746|
|=|          9|          8|        153|    -61.20000000|        103|00:05:13|+0.00|0.07|0.8482|
|=|         16|          8|        153|    -60.87500000|        111|00:03:24|+0.01|0.07|0.8454|
+-+-----------+-----------+-----------+----------------+-----------+--------+-----+----+------+
Best-so-far configuration:         153    mean value:     -60.87500000
Description of the best-so-far configuration:
    .ID. epsilon populationsize mutationrate crossoverrate maxgenerations .PARENT.
153  153    0.99            100         0.91          0.03           1000      140

# 2024-12-15 05:07:30 -03: Elite configurations (first number is the configuration ID; listed from best to worst according to the sum of ranks):
    epsilon populationsize mutationrate crossoverrate maxgenerations
153    0.99            100         0.91          0.03           1000
152    0.98            100         0.92          0.07           1000
122    0.99            100         0.82          0.13           5000
140    0.99            100         0.92          0.10           1000
# 2024-12-15 05:07:30 -03: Iteration 6 of 6
# experimentsUsedSoFar: 964
# remainingBudget: 36
# currentBudget: 36
# nbConfigurations: 5
# Markers:
     x No test is performed.
     c Configurations are discarded only due to capping.
     - The test is performed and some configurations are discarded.
     = The test is performed but no configuration is discarded.
     ! The test is performed and configurations could be discarded but elite configurations are preserved.
     . All alive configurations are elite and nothing is discarded

+-+-----------+-----------+-----------+----------------+-----------+--------+-----+----+------+
| |   Instance|      Alive|       Best|       Mean best| Exp so far|  W time|  rho|KenW|  Qvar|
+-+-----------+-----------+-----------+----------------+-----------+--------+-----+----+------+
|x|         17|          5|        153|    -59.00000000|          5|00:03:36|   NA|  NA|    NA|
|x|          6|          5|        153|    -56.00000000|          6|00:03:08|+0.46|0.73|0.1573|
|x|         11|          5|        153|    -57.33333333|          7|00:02:13|+0.47|0.65|0.2492|
|x|         14|          5|        153|    -62.25000000|          8|00:01:31|+0.52|0.64|0.1963|
|-|         10|          4|        153|    -61.40000000|          9|00:02:09|-0.06|0.15|0.8351|
|.|          3|          4|        153|    -60.00000000|          9|00:00:00|-0.07|0.11|0.7988|
|.|         15|          4|        153|    -59.14285714|          9|00:00:00|-0.04|0.11|0.7622|
|.|          4|          4|        153|    -59.12500000|          9|00:00:00|+0.01|0.13|0.7415|
|.|         16|          4|        153|    -58.77777778|          9|00:00:00|+0.08|0.18|0.6880|
|.|          1|          4|        153|    -59.20000000|          9|00:00:00|+0.05|0.14|0.7086|
|.|          7|          4|        153|    -59.45454545|          9|00:00:00|+0.04|0.13|0.7103|
|.|          2|          4|        153|    -59.33333333|          9|00:00:00|-0.01|0.08|0.7533|
|.|         12|          4|        153|    -59.15384615|          9|00:00:00|-0.02|0.05|0.7599|
|.|          9|          4|        153|    -59.35714286|          9|00:00:00|+0.00|0.08|0.7337|
|.|          5|          4|        153|    -59.26666667|          9|00:00:00|+0.01|0.07|0.7340|
|.|          8|          4|        153|    -59.93750000|          9|00:00:00|-0.03|0.04|0.7566|
|.|         13|          4|        153|    -60.76470588|          9|00:00:00|-0.03|0.03|0.7631|
+-+-----------+-----------+-----------+----------------+-----------+--------+-----+----+------+
Best-so-far configuration:         153    mean value:     -60.76470588
Description of the best-so-far configuration:
    .ID. epsilon populationsize mutationrate crossoverrate maxgenerations .PARENT.
153  153    0.99            100         0.91          0.03           1000      140

# 2024-12-15 05:20:08 -03: Elite configurations (first number is the configuration ID; listed from best to worst according to the sum of ranks):
    epsilon populationsize mutationrate crossoverrate maxgenerations
153    0.99            100         0.91          0.03           1000
152    0.98            100         0.92          0.07           1000
122    0.99            100         0.82          0.13           5000
140    0.99            100         0.92          0.10           1000
# 2024-12-15 05:20:08 -03: Iteration 7 of 7
# experimentsUsedSoFar: 973
# remainingBudget: 27
# currentBudget: 27
# nbConfigurations: 5
# Markers:
     x No test is performed.
     c Configurations are discarded only due to capping.
     - The test is performed and some configurations are discarded.
     = The test is performed but no configuration is discarded.
     ! The test is performed and configurations could be discarded but elite configurations are preserved.
     . All alive configurations are elite and nothing is discarded

+-+-----------+-----------+-----------+----------------+-----------+--------+-----+----+------+
| |   Instance|      Alive|       Best|       Mean best| Exp so far|  W time|  rho|KenW|  Qvar|
+-+-----------+-----------+-----------+----------------+-----------+--------+-----+----+------+
|x|         18|          5|        140|    -70.00000000|          5|00:01:39|   NA|  NA|    NA|
|x|         16|          5|        152|    -60.50000000|          6|00:02:07|-0.51|0.24|1.2644|
|x|          2|          5|        140|    -60.66666667|          7|00:02:59|-0.25|0.16|1.0034|
|x|          5|          5|        153|    -59.00000000|          8|00:02:07|+0.06|0.30|0.7581|
|=|          4|          5|        140|    -59.80000000|          9|00:00:44|+0.03|0.22|0.8006|
|=|         12|          5|        153|    -58.66666667|         10|00:02:59|+0.01|0.17|0.8106|
|=|          7|          5|        153|    -59.14285714|         11|00:00:44|-0.11|0.05|0.8955|
|=|          8|          5|        140|    -61.25000000|         12|00:00:46|-0.08|0.06|0.8670|
|=|          9|          5|        153|    -60.66666667|         13|00:02:59|-0.03|0.08|0.8189|
|=|         10|          5|        152|    -60.90000000|         14|00:02:11|-0.06|0.04|0.8549|
|=|          3|          5|        152|    -60.27272727|         15|00:03:20|-0.04|0.06|0.8278|
|=|         15|          5|        152|    -59.50000000|         16|00:03:22|-0.01|0.08|0.8038|
|=|         13|          5|        153|    -60.38461538|         17|00:01:37|-0.00|0.07|0.8081|
|=|          1|          5|        152|    -60.78571429|         18|00:02:11|+0.01|0.08|0.7987|
|=|         17|          5|        152|    -60.66666667|         19|00:03:24|-0.02|0.05|0.8098|
|=|          6|          5|        153|    -60.00000000|         20|00:03:03|-0.01|0.06|0.8007|
|=|         11|          5|        153|    -60.00000000|         21|00:02:11|-0.00|0.06|0.8026|
|=|         14|          5|        153|    -60.94444444|         22|00:01:37|+0.02|0.07|0.7834|
|=|         19|          5|        153|    -60.89473684|         27|00:01:21|-0.00|0.05|0.8017|
+-+-----------+-----------+-----------+----------------+-----------+--------+-----+----+------+
Best-so-far configuration:         153    mean value:     -60.89473684
Description of the best-so-far configuration:
    .ID. epsilon populationsize mutationrate crossoverrate maxgenerations .PARENT.
153  153    0.99            100         0.91          0.03           1000      140

# 2024-12-15 06:01:38 -03: Elite configurations (first number is the configuration ID; listed from best to worst according to the sum of ranks):
    epsilon populationsize mutationrate crossoverrate maxgenerations
153    0.99            100         0.91          0.03           1000
140    0.99            100         0.92          0.10           1000
152    0.98            100         0.92          0.07           1000
122    0.99            100         0.82          0.13           5000
# 2024-12-15 06:01:38 -03: Stopped because budget is exhausted
# Iteration: 8
# nbIterations: 7
# experimentsUsedSoFar: 1000
# timeUsed: 0
# remainingBudget: 0
# currentBudget: 27
# number of elites: 4
# nbConfigurations: 5
# Total CPU user time: 104.177, CPU sys time: 118.337, Wall-clock time: 25091.93
# Best configurations (first number is the configuration ID; listed from best to worst according to the sum of ranks):
    epsilon populationsize mutationrate crossoverrate maxgenerations
153    0.99            100         0.91          0.03           1000
140    0.99            100         0.92          0.10           1000
152    0.98            100         0.92          0.07           1000
122    0.99            100         0.82          0.13           5000
# Best configurations as commandlines (first number is the configuration ID; same order as above):
153  -e 0.99 -p 100 -m 0.91 -c 0.03 -g 1000
140  -e 0.99 -p 100 -m 0.92 -c 0.1 -g 1000
152  -e 0.98 -p 100 -m 0.92 -c 0.07 -g 1000
122  -e 0.99 -p 100 -m 0.82 -c 0.13 -g 5000


# Testing of elite configurations: 1 
# Testing iteration configurations: FALSE 
# 2024-12-15 06:01:38 -03: No test instances, skip testing
