#------------------------------------------------------------------------------
# irace: An implementation in R of (Elitist) Iterated Racing
# Version: 3.5.6863679
# Copyright (C) 2010-2020
# Manuel Lopez-Ibanez     <manuel.lopez-ibanez@manchester.ac.uk>
# Jeremie Dubois-Lacoste  
# Leslie Perez Caceres    <leslie.perez.caceres@ulb.ac.be>
#
# This is free software, and you are welcome to redistribute it under certain
# conditions.  See the GNU General Public License for details. There is NO
# WARRANTY; not even for MERCHANTABILITY or FITNESS FOR A PARTICULAR PURPOSE.
#
# irace builds upon previous code from the race package:
#     race: Racing methods for the selection of the best
#     Copyright (C) 2003 Mauro Birattari
#------------------------------------------------------------------------------
# installed at: /home/shared/sisadapt7/R/x86_64-pc-linux-gnu-library/3.6/irace
# called with: --scenario scenario75.txt
batchmode 
sge,pbs,torque,slurm,htcondor 
# 2024-11-20 03:05:45 -03: Initialization
# Elitist race
# Elitist new instances: 1
# Elitist limit: 2
# nbIterations: 4
# minNbSurvival: 4
# nbParameters: 5
# seed: 799996020
# confidence level: 0.95
# budget: 1000
# mu: 5
# deterministic: FALSE

# 2024-11-20 03:05:45 -03: Iteration 1 of 4
# experimentsUsedSoFar: 0
# remainingBudget: 1000
# currentBudget: 250
# nbConfigurations: 41
# Markers:
     x No test is performed.
     c Configurations are discarded only due to capping.
     - The test is performed and some configurations are discarded.
     = The test is performed but no configuration is discarded.
     ! The test is performed and configurations could be discarded but elite configurations are preserved.
     . All alive configurations are elite and nothing is discarded

+-+-----------+-----------+-----------+----------------+-----------+--------+-----+----+------+
| |   Instance|      Alive|       Best|       Mean best| Exp so far|  W time|  rho|KenW|  Qvar|
+-+-----------+-----------+-----------+----------------+-----------+--------+-----+----+------+
|x|          1|         41|          9|    -199.0000000|         41|00:17:52|   NA|  NA|    NA|
|x|          2|         41|          9|    -149.5000000|         82|00:15:35|+0.91|0.95|0.0529|
|x|          3|         41|          9|    -133.0000000|        123|00:09:13|+0.93|0.95|0.0335|
|x|          4|         41|          9|    -124.7500000|        164|00:09:07|+0.92|0.94|0.0305|
|-|          5|          8|          9|    -139.6000000|        205|00:05:05|+0.18|0.35|0.3048|
|-|          6|          4|          9|    -149.5000000|        213|00:17:46|+0.39|0.49|0.2290|
+-+-----------+-----------+-----------+----------------+-----------+--------+-----+----+------+
Best-so-far configuration:           9    mean value:     -149.5000000
Description of the best-so-far configuration:
  .ID. epsilon populationsize mutationrate crossoverrate maxgenerations .PARENT.
9    9    0.63            300         0.01          0.41            100       NA

# 2024-11-20 04:20:26 -03: Elite configurations (first number is the configuration ID; listed from best to worst according to the sum of ranks):
   epsilon populationsize mutationrate crossoverrate maxgenerations
9     0.63            300         0.01          0.41            100
17    0.90            500         0.95          0.16            500
5     0.75           1000         1.00          0.79            200
19    0.73            100         0.34          0.41          10000
# 2024-11-20 04:20:26 -03: Iteration 2 of 4
# experimentsUsedSoFar: 213
# remainingBudget: 787
# currentBudget: 262
# nbConfigurations: 40
# Markers:
     x No test is performed.
     c Configurations are discarded only due to capping.
     - The test is performed and some configurations are discarded.
     = The test is performed but no configuration is discarded.
     ! The test is performed and configurations could be discarded but elite configurations are preserved.
     . All alive configurations are elite and nothing is discarded

+-+-----------+-----------+-----------+----------------+-----------+--------+-----+----+------+
| |   Instance|      Alive|       Best|       Mean best| Exp so far|  W time|  rho|KenW|  Qvar|
+-+-----------+-----------+-----------+----------------+-----------+--------+-----+----+------+
|x|          7|         40|          9|    -100.0000000|         40|00:12:08|   NA|  NA|    NA|
|x|          4|         40|          9|    -100.0000000|         76|00:11:20|+0.95|0.98|0.1226|
|x|          3|         40|          9|    -100.0000000|        112|00:11:14|+0.94|0.96|0.0925|
|x|          1|         40|          9|    -124.7500000|        148|00:22:09|+0.84|0.88|0.0955|
|-|          2|         28|          9|    -119.8000000|        184|00:19:30|+0.00|0.20|0.1929|
|-|          5|         17|          9|    -133.0000000|        208|00:06:20|+0.18|0.32|0.2583|
|-|          6|          8|          9|    -142.4285714|        221|00:22:04|+0.12|0.24|0.3164|
|=|          8|          8|          9|    -137.1250000|        229|00:11:30|+0.10|0.21|0.2842|
|=|          9|          8|          9|    -144.1111111|        237|00:21:58|+0.10|0.20|0.3510|
+-+-----------+-----------+-----------+----------------+-----------+--------+-----+----+------+
Best-so-far configuration:           9    mean value:     -144.1111111
Description of the best-so-far configuration:
  .ID. epsilon populationsize mutationrate crossoverrate maxgenerations .PARENT.
9    9    0.63            300         0.01          0.41            100       NA

# 2024-11-20 06:38:46 -03: Elite configurations (first number is the configuration ID; listed from best to worst according to the sum of ranks):
   epsilon populationsize mutationrate crossoverrate maxgenerations
9     0.63            300         0.01          0.41            100
61    0.83            500         0.00          0.07            200
75    0.95           1000         0.92          0.85           2000
74    0.99            200         0.59          0.05            500
# 2024-11-20 06:38:46 -03: Iteration 3 of 4
# experimentsUsedSoFar: 450
# remainingBudget: 550
# currentBudget: 275
# nbConfigurations: 31
# Markers:
     x No test is performed.
     c Configurations are discarded only due to capping.
     - The test is performed and some configurations are discarded.
     = The test is performed but no configuration is discarded.
     ! The test is performed and configurations could be discarded but elite configurations are preserved.
     . All alive configurations are elite and nothing is discarded

+-+-----------+-----------+-----------+----------------+-----------+--------+-----+----+------+
| |   Instance|      Alive|       Best|       Mean best| Exp so far|  W time|  rho|KenW|  Qvar|
+-+-----------+-----------+-----------+----------------+-----------+--------+-----+----+------+
|x|         10|         31|         81|    -199.0000000|         31|00:06:53|   NA|  NA|    NA|
|x|          1|         31|         81|    -199.5000000|         58|00:22:14|+0.82|0.91|0.1763|
|x|          6|         31|         81|    -199.6666667|         85|00:21:59|+0.81|0.87|0.1265|
|x|          5|         31|        102|    -199.5000000|        112|00:06:16|+0.84|0.88|0.1240|
|-|          4|         10|        102|    -179.6000000|        139|00:11:27|+0.34|0.47|0.4836|
|-|          7|          9|        102|    -166.3333333|        145|00:11:24|+0.30|0.42|0.4263|
|!|          8|          9|        102|    -156.8571429|        150|00:05:39|+0.25|0.36|0.3892|
|!|          9|          9|        102|    -162.2500000|        155|00:10:38|+0.22|0.31|0.3554|
|!|          2|          9|        102|    -155.3333333|        160|00:09:24|+0.19|0.28|0.3258|
|-|          3|          6|        102|    -149.8000000|        165|00:05:39|+0.10|0.19|0.3062|
|=|         11|          6|        102|    -145.2727273|        171|00:01:58|+0.09|0.17|0.2808|
|=|         12|          6|        102|    -141.5000000|        177|00:01:58|+0.08|0.16|0.2593|
+-+-----------+-----------+-----------+----------------+-----------+--------+-----+----+------+
Best-so-far configuration:         102    mean value:     -141.5000000
Description of the best-so-far configuration:
    .ID. epsilon populationsize mutationrate crossoverrate maxgenerations .PARENT.
102  102    0.87            500         0.01          0.08            100       61

# 2024-11-20 08:34:20 -03: Elite configurations (first number is the configuration ID; listed from best to worst according to the sum of ranks):
    epsilon populationsize mutationrate crossoverrate maxgenerations
102    0.87            500         0.01          0.08            100
81     0.75            500         0.01          0.47             50
88     0.82            300         0.05          0.13            200
83     0.81            500         0.04          0.28            500
# 2024-11-20 08:34:20 -03: Iteration 4 of 4
# experimentsUsedSoFar: 627
# remainingBudget: 373
# currentBudget: 373
# nbConfigurations: 32
# Markers:
     x No test is performed.
     c Configurations are discarded only due to capping.
     - The test is performed and some configurations are discarded.
     = The test is performed but no configuration is discarded.
     ! The test is performed and configurations could be discarded but elite configurations are preserved.
     . All alive configurations are elite and nothing is discarded

+-+-----------+-----------+-----------+----------------+-----------+--------+-----+----+------+
| |   Instance|      Alive|       Best|       Mean best| Exp so far|  W time|  rho|KenW|  Qvar|
+-+-----------+-----------+-----------+----------------+-----------+--------+-----+----+------+
|x|         13|         32|        102|    -199.0000000|         32|00:06:30|   NA|  NA|    NA|
|x|          9|         32|        102|    -199.5000000|         60|00:24:14|+0.78|0.89|0.1739|
|x|          3|         32|        102|    -166.3333333|         88|00:12:35|+0.39|0.59|0.3809|
|x|         10|         32|        102|    -174.2500000|        116|00:06:26|+0.54|0.66|0.3303|
|-|          2|         19|        102|    -159.4000000|        144|00:20:35|+0.22|0.37|0.3011|
|-|          4|         14|        102|    -149.5000000|        159|00:11:35|+0.16|0.30|0.2617|
|-|          5|          9|        102|    -156.7142857|        169|00:06:35|+0.24|0.35|0.2709|
|!|          8|          9|        102|    -149.6250000|        174|00:12:00|+0.20|0.30|0.2508|
|!|          1|          9|        102|    -155.2222222|        179|00:23:30|+0.18|0.27|0.2321|
|!|         11|          9|        102|    -149.7000000|        184|00:03:17|+0.16|0.24|0.2153|
|!|          6|          9|        102|    -154.2727273|        189|00:23:39|+0.17|0.25|0.2584|
|!|          7|          9|        102|    -149.7500000|        194|00:11:55|+0.16|0.23|0.2422|
|-|         12|          7|        102|    -145.9230769|        199|00:03:21|+0.06|0.13|0.1879|
|=|         14|          7|        102|    -142.6428571|        206|00:03:17|+0.05|0.12|0.1752|
|=|         15|          7|        102|    -139.8000000|        213|00:11:50|+0.05|0.11|0.1641|
+-+-----------+-----------+-----------+----------------+-----------+--------+-----+----+------+
Best-so-far configuration:         102    mean value:     -139.8000000
Description of the best-so-far configuration:
    .ID. epsilon populationsize mutationrate crossoverrate maxgenerations .PARENT.
102  102    0.87            500         0.01          0.08            100       61

# 2024-11-20 11:35:47 -03: Elite configurations (first number is the configuration ID; listed from best to worst according to the sum of ranks):
    epsilon populationsize mutationrate crossoverrate maxgenerations
102    0.87            500         0.01          0.08            100
107    0.99           1000         0.01          0.16            100
112    0.94           1000         0.01          0.06             50
81     0.75            500         0.01          0.47             50
# 2024-11-20 11:35:47 -03: Iteration 5 of 5
# experimentsUsedSoFar: 840
# remainingBudget: 160
# currentBudget: 160
# nbConfigurations: 13
# Markers:
     x No test is performed.
     c Configurations are discarded only due to capping.
     - The test is performed and some configurations are discarded.
     = The test is performed but no configuration is discarded.
     ! The test is performed and configurations could be discarded but elite configurations are preserved.
     . All alive configurations are elite and nothing is discarded

+-+-----------+-----------+-----------+----------------+-----------+--------+-----+----+------+
| |   Instance|      Alive|       Best|       Mean best| Exp so far|  W time|  rho|KenW|  Qvar|
+-+-----------+-----------+-----------+----------------+-----------+--------+-----+----+------+
|x|         16|         13|        102|    -100.0000000|         13|00:11:51|   NA|  NA|    NA|
|x|          5|         13|        102|    -150.0000000|         22|00:06:34|+0.00|0.50|0.4615|
|x|          6|         13|        102|    -166.6666667|         31|00:23:25|+0.00|0.33|0.3077|
|x|          2|         13|        102|    -150.0000000|         40|00:20:33|+0.00|0.25|0.2308|
|-|         13|         10|        102|    -159.8000000|         49|00:06:31|+0.19|0.35|0.2926|
|=|          8|         10|        102|    -149.8333333|         55|00:12:03|+0.15|0.29|0.2550|
|=|          9|         10|        102|    -157.0000000|         61|00:22:58|+0.13|0.25|0.2250|
|=|         15|         10|        102|    -149.8750000|         67|00:12:01|+0.11|0.22|0.2009|
|=|         12|         10|        102|    -144.3333333|         73|00:03:17|+0.10|0.20|0.1813|
|=|          4|         10|        102|    -139.9000000|         79|00:11:51|+0.09|0.18|0.1650|
|=|         14|         10|        102|    -136.2727273|         85|00:03:17|+0.08|0.16|0.1514|
|=|         10|         10|        135|    -141.5000000|         91|00:06:29|+0.07|0.15|0.2052|
|=|         11|         10|        135|    -138.3076923|         97|00:03:19|+0.07|0.14|0.1910|
|=|          3|         10|        135|    -135.5714286|        103|00:11:54|+0.06|0.13|0.1785|
|=|          7|         10|        135|    -133.2000000|        109|00:11:53|+0.06|0.12|0.1676|
|=|          1|         10|        135|    -137.3750000|        115|00:23:19|+0.05|0.11|0.1579|
|=|         17|         10|        135|    -135.1764706|        125|00:20:44|+0.05|0.11|0.1492|
+-+-----------+-----------+-----------+----------------+-----------+--------+-----+----+------+
Best-so-far configuration:         135    mean value:     -135.1764706
Description of the best-so-far configuration:
    .ID. epsilon populationsize mutationrate crossoverrate maxgenerations .PARENT.
135  135    0.99           1000         0.01          0.14            100      107

# 2024-11-20 15:07:53 -03: Elite configurations (first number is the configuration ID; listed from best to worst according to the sum of ranks):
    epsilon populationsize mutationrate crossoverrate maxgenerations
135    0.99           1000         0.01          0.14            100
102    0.87            500         0.01          0.08            100
107    0.99           1000         0.01          0.16            100
139    0.94           1000         0.02          0.15            100
# 2024-11-20 15:07:53 -03: Iteration 6 of 6
# experimentsUsedSoFar: 965
# remainingBudget: 35
# currentBudget: 35
# nbConfigurations: 5
# Markers:
     x No test is performed.
     c Configurations are discarded only due to capping.
     - The test is performed and some configurations are discarded.
     = The test is performed but no configuration is discarded.
     ! The test is performed and configurations could be discarded but elite configurations are preserved.
     . All alive configurations are elite and nothing is discarded

+-+-----------+-----------+-----------+----------------+-----------+--------+-----+----+------+
| |   Instance|      Alive|       Best|       Mean best| Exp so far|  W time|  rho|KenW|  Qvar|
+-+-----------+-----------+-----------+----------------+-----------+--------+-----+----+------+
|x|         18|          5|        135|    -100.0000000|          5|00:12:02|   NA|  NA|    NA|
|x|         10|          5|        135|    -149.5000000|          6|00:02:50|+0.00|0.50|0.4000|
|x|         15|          5|        135|    -133.0000000|          7|00:05:05|+0.00|0.33|0.2667|
|x|          6|          5|        135|    -149.7500000|          8|00:10:20|+0.00|0.25|0.2000|
|=|          8|          5|        135|    -139.8000000|          9|00:05:13|+0.00|0.20|0.1600|
|=|          9|          5|        135|    -149.8333333|         10|00:10:22|+0.00|0.17|0.1333|
|=|          4|          5|        135|    -142.7142857|         11|00:05:11|+0.00|0.14|0.1143|
|=|          1|          5|        135|    -149.8750000|         12|00:10:24|+0.00|0.12|0.1000|
|=|          2|          5|        135|    -144.3333333|         13|00:09:02|+0.00|0.11|0.0889|
|=|         13|          5|        135|    -149.8000000|         14|00:02:51|+0.08|0.17|0.1461|
|=|          3|          5|        135|    -145.2727273|         15|00:05:13|+0.07|0.15|0.1340|
|=|         11|          5|        135|    -141.5000000|         16|00:01:26|+0.06|0.14|0.1238|
|=|         14|          5|        135|    -138.3076923|         17|00:01:26|+0.06|0.13|0.1150|
|=|         16|          5|        135|    -135.5714286|         18|00:05:13|+0.05|0.12|0.1074|
|-|          5|          4|        135|    -139.8666667|         19|00:03:04|+0.00|0.07|0.0500|
|.|         12|          4|        135|    -137.3750000|         19|00:00:00|+0.00|0.06|0.0469|
|.|          7|          4|        135|    -135.1764706|         19|00:00:00|+0.00|0.06|0.0441|
|.|         17|          4|        135|    -133.2222222|         19|00:00:00|+0.00|0.06|0.0417|
+-+-----------+-----------+-----------+----------------+-----------+--------+-----+----+------+
Best-so-far configuration:         135    mean value:     -133.2222222
Description of the best-so-far configuration:
    .ID. epsilon populationsize mutationrate crossoverrate maxgenerations .PARENT.
135  135    0.99           1000         0.01          0.14            100      107

# 2024-11-20 16:37:43 -03: Elite configurations (first number is the configuration ID; listed from best to worst according to the sum of ranks):
    epsilon populationsize mutationrate crossoverrate maxgenerations
135    0.99           1000         0.01          0.14            100
102    0.87            500         0.01          0.08            100
107    0.99           1000         0.01          0.16            100
139    0.94           1000         0.02          0.15            100
# 2024-11-20 16:37:43 -03: Stopped because there is not enough budget left to race more than the minimum (4)
# You may either increase the budget or set 'minNbSurvival' to a lower value
# Iteration: 7
# nbIterations: 7
# experimentsUsedSoFar: 984
# timeUsed: 0
# remainingBudget: 16
# currentBudget: 16
# number of elites: 4
# nbConfigurations: 4
# Total CPU user time: 112.814, CPU sys time: 101.633, Wall-clock time: 48717.74
# Best configurations (first number is the configuration ID; listed from best to worst according to the sum of ranks):
    epsilon populationsize mutationrate crossoverrate maxgenerations
135    0.99           1000         0.01          0.14            100
102    0.87            500         0.01          0.08            100
107    0.99           1000         0.01          0.16            100
139    0.94           1000         0.02          0.15            100
# Best configurations as commandlines (first number is the configuration ID; same order as above):
135  -e 0.99 -p 1000 -m 0.01 -c 0.14 -g 100
102  -e 0.87 -p 500 -m 0.01 -c 0.08 -g 100
107  -e 0.99 -p 1000 -m 0.01 -c 0.16 -g 100
139  -e 0.94 -p 1000 -m 0.02 -c 0.15 -g 100


# Testing of elite configurations: 1 
# Testing iteration configurations: FALSE 
# 2024-11-20 16:37:43 -03: No test instances, skip testing
